// Jest Snapshot v1, https://goo.gl/fbAQLP

exports[`FlowEditor can render without props 1`] = `
<div
  className="ScribingFlowEditor-root"
  contentEditable={false}
  onKeyDown={[Function]}
  suppressContentEditableWarning={true}
>
  <p
    className="ScribingParagraph-root ScribingParagraph-normal"
    style={
      Object {
        "direction": "ltr",
        "lineHeight": "150%",
        "marginBottom": "1rem",
        "marginTop": "1rem",
        "textAlign": "start",
      }
    }
  >
    <span
      className="ScribingTextRun-root ScribingTextRun-bodyFont ScribingTextRun-defaultColor"
      style={
        Object {
          "fontSize": "1rem",
          "fontStyle": "normal",
          "fontWeight": "normal",
          "verticalAlign": "baseline",
        }
      }
    >
      
    </span>
  </p>
</div>
`;
