// Jest Snapshot v1, https://goo.gl/fbAQLP

exports[`FlowEditor can render without props 1`] = `
<div
  className="Scribing-FlowEditor-root"
  contentEditable={false}
  suppressContentEditableWarning={true}
>
  <p
    className="Scribing-Paragraph-root Scribing-Paragraph-normal"
    style={
      Object {
        "direction": "ltr",
        "lineHeight": "100%",
        "textAlign": "start",
      }
    }
  >
    <span
      className="Scribing-TextRun-root"
      style={
        Object {
          "fontStyle": "normal",
          "fontWeight": "normal",
          "verticalAlign": "baseline",
        }
      }
    >
      
    </span>
  </p>
</div>
`;
